go : # github.com/tbxark/ChatGPT-Telegram-Workers/go_version/internal/config
所在位置 行:1 字符: 1
+ go test ./... -v 2>&1 | Tee-Object -FilePath test_output.txt
+ ~~~~~~~~~~~~~~~~~~~~~
    + CategoryInfo          : NotSpecified: (# github.com/tb...internal/config:String) [], RemoteException
    + FullyQualifiedErrorId : NativeCommandError
 
internal\config\context.go:329:14: cfg.SystemInitMessage undefined (type *Config has no field or method SystemInitMessage)
FAIL	github.com/tbxark/ChatGPT-Telegram-Workers/go_version/cmd/bot [build failed]
FAIL	github.com/tbxark/ChatGPT-Telegram-Workers/go_version/internal/agent [build failed]
FAIL	github.com/tbxark/ChatGPT-Telegram-Workers/go_version/internal/config [build failed]
=== RUN   TestLoadI18n
=== RUN   TestLoadI18n/English
=== RUN   TestLoadI18n/English_US
=== RUN   TestLoadI18n/Simplified_Chinese
=== RUN   TestLoadI18n/Simplified_Chinese_(hans)
=== RUN   TestLoadI18n/Traditional_Chinese
=== RUN   TestLoadI18n/Traditional_Chinese_(tw)
=== RUN   TestLoadI18n/Portuguese
=== RUN   TestLoadI18n/Portuguese_Brazil
=== RUN   TestLoadI18n/Default_(unknown_language)
--- PASS: TestLoadI18n (0.00s)
    --- PASS: TestLoadI18n/English (0.00s)
    --- PASS: TestLoadI18n/English_US (0.00s)
    --- PASS: TestLoadI18n/Simplified_Chinese (0.00s)
    --- PASS: TestLoadI18n/Simplified_Chinese_(hans) (0.00s)
    --- PASS: TestLoadI18n/Traditional_Chinese (0.00s)
    --- PASS: TestLoadI18n/Traditional_Chinese_(tw) (0.00s)
    --- PASS: TestLoadI18n/Portuguese (0.00s)
    --- PASS: TestLoadI18n/Portuguese_Brazil (0.00s)
    --- PASS: TestLoadI18n/Default_(unknown_language) (0.00s)
=== RUN   TestAllLanguagesHaveRequiredFields
=== RUN   TestAllLanguagesHaveRequiredFields/en
=== RUN   TestAllLanguagesHaveRequiredFields/zh-hans
=== RUN   TestAllLanguagesHaveRequiredFields/zh-hant
=== RUN   TestAllLanguagesHaveRequiredFields/pt
--- PASS: TestAllLanguagesHaveRequiredFields (0.00s)
    --- PASS: TestAllLanguagesHaveRequiredFields/en (0.00s)
    --- PASS: TestAllLanguagesHaveRequiredFields/zh-hans (0.00s)
    --- PASS: TestAllLanguagesHaveRequiredFields/zh-hant (0.00s)
    --- PASS: TestAllLanguagesHaveRequiredFields/pt (0.00s)
=== RUN   TestCommandDescriptions
=== RUN   TestCommandDescriptions/en
=== RUN   TestCommandDescriptions/zh-hans
=== RUN   TestCommandDescriptions/zh-hant
=== RUN   TestCommandDescriptions/pt
--- PASS: TestCommandDescriptions (0.00s)
    --- PASS: TestCommandDescriptions/en (0.00s)
    --- PASS: TestCommandDescriptions/zh-hans (0.00s)
    --- PASS: TestCommandDescriptions/zh-hant (0.00s)
    --- PASS: TestCommandDescriptions/pt (0.00s)
PASS
ok  	github.com/tbxark/ChatGPT-Telegram-Workers/go_version/internal/i18n	0.214s
=== RUN   TestIntegrationSuite
=== RUN   TestIntegrationSuite/EndToEnd
    integration_test.go:18: Optional: End-to-end tests not implemented (task 24.1)
=== RUN   TestIntegrationSuite/DatabaseIntegration
    integration_test.go:26: Optional: Database integration tests not implemented (task 24.2)
--- PASS: TestIntegrationSuite (0.00s)
    --- SKIP: TestIntegrationSuite/EndToEnd (0.00s)
    --- SKIP: TestIntegrationSuite/DatabaseIntegration (0.00s)
=== RUN   TestGoVersionImprovements
=== RUN   TestGoVersionImprovements/EndToEndUserInteraction
    integration_test.go:42: Optional: End-to-end integration tests not implemented (task 13.1)
=== RUN   TestGoVersionImprovements/BackwardCompatibility
    integration_test.go:53: Optional: Backward compatibility tests not implemented (task 13.2)
--- PASS: TestGoVersionImprovements (0.00s)
    --- SKIP: TestGoVersionImprovements/EndToEndUserInteraction (0.00s)
    --- SKIP: TestGoVersionImprovements/BackwardCompatibility (0.00s)
PASS
ok  	github.com/tbxark/ChatGPT-Telegram-Workers/go_version/internal/integration	0.213s
FAIL	github.com/tbxark/ChatGPT-Telegram-Workers/go_version/internal/manager [build failed]
=== RUN   TestInterpolateSimpleVariable
--- PASS: TestInterpolateSimpleVariable (0.00s)
=== RUN   TestInterpolateNestedVariable
--- PASS: TestInterpolateNestedVariable (0.00s)
=== RUN   TestInterpolateArrayIndex
--- PASS: TestInterpolateArrayIndex (0.00s)
=== RUN   TestInterpolateLoop
--- PASS: TestInterpolateLoop (0.00s)
=== RUN   TestInterpolateLoopWithDot
--- PASS: TestInterpolateLoopWithDot (0.00s)
=== RUN   TestInterpolateLoopWithObject
--- PASS: TestInterpolateLoopWithObject (0.00s)
=== RUN   TestInterpolateConditionalTrue
--- PASS: TestInterpolateConditionalTrue (0.00s)
=== RUN   TestInterpolateConditionalFalse
--- PASS: TestInterpolateConditionalFalse (0.00s)
=== RUN   TestInterpolateConditionalWithElse
--- PASS: TestInterpolateConditionalWithElse (0.00s)
=== RUN   TestInterpolateWithFormatter
--- PASS: TestInterpolateWithFormatter (0.00s)
=== RUN   TestInterpolateComplexTemplate
--- PASS: TestInterpolateComplexTemplate (0.00s)
=== RUN   TestInterpolateMissingVariable
--- PASS: TestInterpolateMissingVariable (0.00s)
=== RUN   TestLoadFromEnvironment
--- PASS: TestLoadFromEnvironment (0.00s)
=== RUN   TestListPlugins
--- PASS: TestListPlugins (0.00s)
=== RUN   TestGetTemplate
--- PASS: TestGetTemplate (0.00s)
PASS
ok  	github.com/tbxark/ChatGPT-Telegram-Workers/go_version/internal/plugin	0.526s
FAIL	github.com/tbxark/ChatGPT-Telegram-Workers/go_version/internal/server [build failed]
FAIL	github.com/tbxark/ChatGPT-Telegram-Workers/go_version/internal/sillytavern [build failed]
=== RUN   TestNewStorage_SQLite
--- PASS: TestNewStorage_SQLite (0.14s)
=== RUN   TestNewStorage_DSN_SQLite
--- PASS: TestNewStorage_DSN_SQLite (0.14s)
=== RUN   TestNewStorage_InvalidDSN
--- PASS: TestNewStorage_InvalidDSN (0.00s)
=== RUN   TestGORMStorage_ChatHistory

2026/01/03 23:39:03 [31;1mC:/Users/Chris/Documents/gpt-chatbot-telegram/internal/storage/gorm.go:132 [35;1mrecord not found
[0m[33m[0.619ms] [34;1m[rows:0][0m SELECT * FROM `chat_histories` WHERE (chat_id = 123 AND bot_id = 456) AND user_id IS NULL AND thread_id IS NULL AND `chat_histories`.`deleted_at` IS NULL ORDER BY `chat_histories`.`id` LIMIT 1

2026/01/03 23:39:03 [31;1mC:/Users/Chris/Documents/gpt-chatbot-telegram/internal/storage/gorm.go:132 [35;1mrecord not found
[0m[33m[0.000ms] [34;1m[rows:0][0m SELECT * FROM `chat_histories` WHERE (chat_id = 123 AND bot_id = 456) AND user_id IS NULL AND thread_id IS NULL AND `chat_histories`.`deleted_at` IS NULL ORDER BY `chat_histories`.`id` LIMIT 1
--- PASS: TestGORMStorage_ChatHistory (0.15s)
=== RUN   TestGORMStorage_UserConfig

2026/01/03 23:39:03 [31;1mC:/Users/Chris/Documents/gpt-chatbot-telegram/internal/storage/gorm.go:203 [35;1mrecord not found
[0m[33m[0.000ms] [34;1m[rows:0][0m SELECT * FROM `user_configs` WHERE (chat_id = 123 AND bot_id = 456) AND user_id IS NULL AND thread_id IS NULL AND `user_configs`.`deleted_at` IS NULL ORDER BY `user_configs`.`id` LIMIT 1
--- PASS: TestGORMStorage_UserConfig (0.14s)
=== RUN   TestGORMStorage_GroupAdmins

2026/01/03 23:39:03 [31;1mC:/Users/Chris/Documents/gpt-chatbot-telegram/internal/storage/gorm.go:314 [35;1mrecord not found
[0m[33m[0.000ms] [34;1m[rows:0][0m SELECT * FROM `group_admins` WHERE (chat_id = 789 AND expires_at > "2026-01-03 23:39:03.364") AND `group_admins`.`deleted_at` IS NULL ORDER BY `group_admins`.`id` LIMIT 1
--- PASS: TestGORMStorage_GroupAdmins (0.15s)
=== RUN   TestGORMStorage_CleanupExpired

2026/01/03 23:39:05 [31;1mC:/Users/Chris/Documents/gpt-chatbot-telegram/internal/storage/gorm.go:314 [35;1mrecord not found
[0m[33m[0.000ms] [34;1m[rows:0][0m SELECT * FROM `group_admins` WHERE (chat_id = 999 AND expires_at > "2026-01-03 23:39:05.521") AND `group_admins`.`deleted_at` IS NULL ORDER BY `group_admins`.`id` LIMIT 1
--- PASS: TestGORMStorage_CleanupExpired (2.15s)
=== RUN   TestGORMStorage_SessionContext
--- PASS: TestGORMStorage_SessionContext (0.14s)
=== RUN   TestSillyTavernModels_TableNames
=== RUN   TestSillyTavernModels_TableNames/CharacterCard
=== RUN   TestSillyTavernModels_TableNames/WorldBook
=== RUN   TestSillyTavernModels_TableNames/WorldBookEntry
=== RUN   TestSillyTavernModels_TableNames/Preset
=== RUN   TestSillyTavernModels_TableNames/RegexPattern
=== RUN   TestSillyTavernModels_TableNames/LoginToken
--- PASS: TestSillyTavernModels_TableNames (0.00s)
    --- PASS: TestSillyTavernModels_TableNames/CharacterCard (0.00s)
    --- PASS: TestSillyTavernModels_TableNames/WorldBook (0.00s)
    --- PASS: TestSillyTavernModels_TableNames/WorldBookEntry (0.00s)
    --- PASS: TestSillyTavernModels_TableNames/Preset (0.00s)
    --- PASS: TestSillyTavernModels_TableNames/RegexPattern (0.00s)
    --- PASS: TestSillyTavernModels_TableNames/LoginToken (0.00s)
=== RUN   TestSillyTavernModels_Instantiation
--- PASS: TestSillyTavernModels_Instantiation (0.00s)
PASS
ok  	github.com/tbxark/ChatGPT-Telegram-Workers/go_version/internal/storage	4.003s
=== RUN   TestNewClient_EmptyToken
--- PASS: TestNewClient_EmptyToken (0.00s)
=== RUN   TestNewClient_WithToken
--- PASS: TestNewClient_WithToken (0.00s)
=== RUN   TestClient_GetAPIDomain
--- PASS: TestClient_GetAPIDomain (0.00s)
=== RUN   TestClient_SetDebug
--- PASS: TestClient_SetDebug (0.00s)
=== RUN   TestNewDefaultHTTPClient
--- PASS: TestNewDefaultHTTPClient (0.00s)
PASS
ok  	github.com/tbxark/ChatGPT-Telegram-Workers/go_version/internal/telegram/api	0.373s
FAIL	github.com/tbxark/ChatGPT-Telegram-Workers/go_version/internal/telegram/command [build failed]
FAIL	github.com/tbxark/ChatGPT-Telegram-Workers/go_version/internal/telegram/handler [build failed]
=== RUN   TestNewMessageSender
--- PASS: TestNewMessageSender (0.00s)
=== RUN   TestMessageSender_Update
--- PASS: TestMessageSender_Update (0.00s)
=== RUN   TestMessageSender_SetMinStreamInterval
--- PASS: TestMessageSender_SetMinStreamInterval (0.00s)
=== RUN   TestMessageSender_Context
--- PASS: TestMessageSender_Context (0.00s)
=== RUN   TestMessageSender_Reset
--- PASS: TestMessageSender_Reset (0.00s)
=== RUN   TestMessageSender_StreamIntervalRespected
--- PASS: TestMessageSender_StreamIntervalRespected (0.00s)
PASS
ok  	github.com/tbxark/ChatGPT-Telegram-Workers/go_version/internal/telegram/sender	0.374s
=== RUN   TestNewClient
--- PASS: TestNewClient (2.12s)
=== RUN   TestFormatConversation
    client_test.go:43: Generated HTML:
        <p><strong>馃懁 User:</strong></p><p>Hello, how are you?</p><hr><p><strong>馃 Assistant:</strong></p><p>I&#39;m doing well, thank you!</p><hr><p><strong>馃懁 User:</strong></p><p>What&#39;s the weather like?</p><hr><p><strong>馃 Assistant:</strong></p><p>I don&#39;t have access to real-time weather data.</p><hr>
--- PASS: TestFormatConversation (0.00s)
=== RUN   TestEscapeHTML
=== RUN   TestEscapeHTML/Basic_text
=== RUN   TestEscapeHTML/HTML_tags
=== RUN   TestEscapeHTML/Ampersand
=== RUN   TestEscapeHTML/Quotes
=== RUN   TestEscapeHTML/Newlines
--- PASS: TestEscapeHTML (0.00s)
    --- PASS: TestEscapeHTML/Basic_text (0.00s)
    --- PASS: TestEscapeHTML/HTML_tags (0.00s)
    --- PASS: TestEscapeHTML/Ampersand (0.00s)
    --- PASS: TestEscapeHTML/Quotes (0.00s)
    --- PASS: TestEscapeHTML/Newlines (0.00s)
=== RUN   TestCreatePage
--- PASS: TestCreatePage (0.81s)
PASS
ok  	github.com/tbxark/ChatGPT-Telegram-Workers/go_version/internal/telegraph	(cached)
FAIL
